[    1801ms] [INFO] %cDownload the React DevTools for a better development experience: https://react.dev/link/react-devtools font-weight:bold @ http://localhost:5173/node_modules/.vite/deps/react-dom_client.js?v=adacdeea:20102
[    2428ms] Error: Hydration failed because the server rendered HTML didn't match the client. As a result this tree will be regenerated on the client. This can happen if a SSR-ed Client Component used:

- A server/client branch `if (typeof window !== 'undefined')`.
- Variable input such as `Date.now()` or `Math.random()` which changes each time it's called.
- Date formatting in a user's locale which doesn't match the server.
- External changing data without sending a snapshot of it along with the HTML.
- Invalid HTML tag nesting.

It can also happen if the client has a browser extension installed which messes with the HTML before React loaded.

https://react.dev/link/hydration-mismatch

  ...
    <SelectProvider scope={undefined} required={undefined} trigger={null} ...>
      <SelectCollectionProvider scope={undefined}>
        <SelectCollectionProviderProvider scope={undefined} itemMap={Map} collectionRef={{current:null}}>
          <SelectProvider scope={undefined} onNativeOptionAdd={function} onNativeOptionRemove={function}>
            <_c className="h-8 w-full...">
              <SelectTrigger ref={null} className={"flex ite..."}>
                <PopperAnchor asChild={true} __scopePopper={{Popper:[...]}}>
                  <Primitive.div data-radix-popper-side={undefined} data-radix-popper-align={undefined} asChild={true} ...>
                    <Primitive.div.Slot data-radix-popper-side={undefined} data-radix-popper-align={undefined} ...>
                      <Primitive.button type="button" role="combobox" aria-controls={undefined} aria-expanded={false} ...>
                        <button
                          type="button"
                          role="combobox"
                          aria-controls={undefined}
                          aria-expanded={false}
                          aria-required={undefined}
                          aria-autocomplete="none"
                          dir="ltr"
                          data-state="closed"
                          disabled={false}
                          data-disabled={undefined}
+                         data-placeholder={undefined}
-                         data-placeholder=""
                          className={"flex items-center justify-between whitespace-nowrap rounded-md border border-in..."}
                          onClick={function handleEvent}
                          onPointerDown={function handleEvent}
                          onKeyDown={function handleEvent}
                          data-radix-popper-side={undefined}
                          data-radix-popper-align={undefined}
                          ref={function}
                        >
                          <SelectValue placeholder="No site">
                            <Primitive.span asChild={undefined} ref={function} style={{...}}>
                              <span style={{...}} ref={function}>
-                               No site
                          ...
            ...
            ...

    at throwOnHydrationMismatch (http://localhost:5173/node_modules/.vite/deps/react-dom_client.js?v=adacdeea:3920:13)
    at popHydrationState (http://localhost:5173/node_modules/.vite/deps/react-dom_client.js?v=adacdeea:4028:11)
    at completeWork (http://localhost:5173/node_modules/.vite/deps/react-dom_client.js?v=adacdeea:8998:19)
    at runWithFiberInDEV (http://localhost:5173/node_modules/.vite/deps/react-dom_client.js?v=adacdeea:997:72)
    at completeUnitOfWork (http://localhost:5173/node_modules/.vite/deps/react-dom_client.js?v=adacdeea:12669:22)
    at performUnitOfWork (http://localhost:5173/node_modules/.vite/deps/react-dom_client.js?v=adacdeea:12575:29)
    at workLoopConcurrentByScheduler (http://localhost:5173/node_modules/.vite/deps/react-dom_client.js?v=adacdeea:12557:11)
    at renderRootConcurrent (http://localhost:5173/node_modules/.vite/deps/react-dom_client.js?v=adacdeea:12539:71)
    at performWorkOnRoot (http://localhost:5173/node_modules/.vite/deps/react-dom_client.js?v=adacdeea:11766:152)
    at performWorkOnRootViaSchedulerTask (http://localhost:5173/node_modules/.vite/deps/react-dom_client.js?v=adacdeea:13505:9)
[    2606ms] [ERROR] Failed to load resource: the server responded with a status of 404 () @ http://localhost:5173/api/v1/dashboard/kpis:0
[    2610ms] [ERROR] Failed to load resource: the server responded with a status of 404 () @ http://localhost:5173/api/v1/changes:0
[    2610ms] [ERROR] Failed to load resource: the server responded with a status of 404 () @ http://localhost:5173/api/v1/audit-log:0
[    2611ms] [ERROR] Failed to load resource: the server responded with a status of 404 () @ http://localhost:5173/api/v1/sites:0
[    3656ms] [ERROR] Failed to load resource: the server responded with a status of 404 () @ http://localhost:5173/api/v1/dashboard/kpis:0
[    3677ms] [ERROR] Failed to load resource: the server responded with a status of 404 () @ http://localhost:5173/api/v1/changes:0
[    3706ms] [ERROR] Failed to load resource: the server responded with a status of 404 () @ http://localhost:5173/api/v1/audit-log:0
[    3724ms] [ERROR] Failed to load resource: the server responded with a status of 404 () @ http://localhost:5173/api/v1/sites:0
[    5677ms] [ERROR] Failed to load resource: the server responded with a status of 404 () @ http://localhost:5173/api/v1/dashboard/kpis:0
[    5698ms] [ERROR] Failed to load resource: the server responded with a status of 404 () @ http://localhost:5173/api/v1/changes:0
[    5725ms] [ERROR] Failed to load resource: the server responded with a status of 404 () @ http://localhost:5173/api/v1/audit-log:0
[    5744ms] [ERROR] Failed to load resource: the server responded with a status of 404 () @ http://localhost:5173/api/v1/sites:0
[    9700ms] [ERROR] Failed to load resource: the server responded with a status of 404 () @ http://localhost:5173/api/v1/dashboard/kpis:0
[    9724ms] [ERROR] Failed to load resource: the server responded with a status of 404 () @ http://localhost:5173/api/v1/changes:0
[    9748ms] [ERROR] Failed to load resource: the server responded with a status of 404 () @ http://localhost:5173/api/v1/audit-log:0
[    9770ms] [ERROR] Failed to load resource: the server responded with a status of 404 () @ http://localhost:5173/api/v1/sites:0
[   19060ms] [LOG] [vite] server connection lost. Polling for restart... @ http://localhost:5173/@vite/client:864
[   21917ms] [INFO] %cDownload the React DevTools for a better development experience: https://react.dev/link/react-devtools font-weight:bold @ http://localhost:5173/node_modules/.vite/deps/react-dom_client.js?v=adacdeea:20102
[   22449ms] Error: Hydration failed because the server rendered HTML didn't match the client. As a result this tree will be regenerated on the client. This can happen if a SSR-ed Client Component used:

- A server/client branch `if (typeof window !== 'undefined')`.
- Variable input such as `Date.now()` or `Math.random()` which changes each time it's called.
- Date formatting in a user's locale which doesn't match the server.
- External changing data without sending a snapshot of it along with the HTML.
- Invalid HTML tag nesting.

It can also happen if the client has a browser extension installed which messes with the HTML before React loaded.

https://react.dev/link/hydration-mismatch

  ...
    <SelectProvider scope={undefined} required={undefined} trigger={null} ...>
      <SelectCollectionProvider scope={undefined}>
        <SelectCollectionProviderProvider scope={undefined} itemMap={Map} collectionRef={{current:null}}>
          <SelectProvider scope={undefined} onNativeOptionAdd={function} onNativeOptionRemove={function}>
            <_c className="h-8 w-full...">
              <SelectTrigger ref={null} className={"flex ite..."}>
                <PopperAnchor asChild={true} __scopePopper={{Popper:[...]}}>
                  <Primitive.div data-radix-popper-side={undefined} data-radix-popper-align={undefined} asChild={true} ...>
                    <Primitive.div.Slot data-radix-popper-side={undefined} data-radix-popper-align={undefined} ...>
                      <Primitive.button type="button" role="combobox" aria-controls={undefined} aria-expanded={false} ...>
                        <button
                          type="button"
                          role="combobox"
                          aria-controls={undefined}
                          aria-expanded={false}
                          aria-required={undefined}
                          aria-autocomplete="none"
                          dir="ltr"
                          data-state="closed"
                          disabled={false}
                          data-disabled={undefined}
+                         data-placeholder={undefined}
-                         data-placeholder=""
                          className={"flex items-center justify-between whitespace-nowrap rounded-md border border-in..."}
                          onClick={function handleEvent}
                          onPointerDown={function handleEvent}
                          onKeyDown={function handleEvent}
                          data-radix-popper-side={undefined}
                          data-radix-popper-align={undefined}
                          ref={function}
                        >
                          <SelectValue placeholder="No site">
                            <Primitive.span asChild={undefined} ref={function} style={{...}}>
                              <span style={{...}} ref={function}>
-                               No site
                          ...
            ...
            ...

    at throwOnHydrationMismatch (http://localhost:5173/node_modules/.vite/deps/react-dom_client.js?v=adacdeea:3920:13)
    at popHydrationState (http://localhost:5173/node_modules/.vite/deps/react-dom_client.js?v=adacdeea:4028:11)
    at completeWork (http://localhost:5173/node_modules/.vite/deps/react-dom_client.js?v=adacdeea:8998:19)
    at runWithFiberInDEV (http://localhost:5173/node_modules/.vite/deps/react-dom_client.js?v=adacdeea:997:72)
    at completeUnitOfWork (http://localhost:5173/node_modules/.vite/deps/react-dom_client.js?v=adacdeea:12669:22)
    at performUnitOfWork (http://localhost:5173/node_modules/.vite/deps/react-dom_client.js?v=adacdeea:12575:29)
    at workLoopConcurrentByScheduler (http://localhost:5173/node_modules/.vite/deps/react-dom_client.js?v=adacdeea:12557:11)
    at renderRootConcurrent (http://localhost:5173/node_modules/.vite/deps/react-dom_client.js?v=adacdeea:12539:71)
    at performWorkOnRoot (http://localhost:5173/node_modules/.vite/deps/react-dom_client.js?v=adacdeea:11766:152)
    at performWorkOnRootViaSchedulerTask (http://localhost:5173/node_modules/.vite/deps/react-dom_client.js?v=adacdeea:13505:9)
[   22481ms] [ERROR] Failed to load resource: the server responded with a status of 403 (Forbidden) @ http://localhost:8100/api/v1/dashboard/kpis:0
[   22482ms] [ERROR] Failed to load resource: the server responded with a status of 403 (Forbidden) @ http://localhost:8100/api/v1/changes:0
[   22484ms] [ERROR] Failed to load resource: the server responded with a status of 403 (Forbidden) @ http://localhost:8100/api/v1/audit-log:0
[   22485ms] [ERROR] Failed to load resource: the server responded with a status of 403 (Forbidden) @ http://localhost:8100/api/v1/sites:0
[   23248ms] [VERBOSE] [DOM] Input elements should have autocomplete attributes (suggested: "current-password"): (More info: https://goo.gl/9p2vKq) @ http://localhost:5173/login:0
[   23322ms] [INFO] %cDownload the React DevTools for a better development experience: https://react.dev/link/react-devtools font-weight:bold @ http://localhost:5173/node_modules/.vite/deps/react-dom_client.js?v=adacdeea:20102
[   23558ms] [LOG] [vite] server connection lost. Polling for restart... @ http://localhost:5173/@vite/client:864
[   31122ms] [VERBOSE] [DOM] Input elements should have autocomplete attributes (suggested: "current-password"): (More info: https://goo.gl/9p2vKq) @ http://localhost:5173/login:0
[   32602ms] [INFO] %cDownload the React DevTools for a better development experience: https://react.dev/link/react-devtools font-weight:bold @ http://localhost:5173/node_modules/.vite/deps/react-dom_client.js?v=adacdeea:20102
